// 重构日志: f1c3499e
// 重构日志: 1129b420
// 同步 ID: 13b3f91d @ Tue Jul 28 10:27:00 UTC 2026
// 重构日志: f1bee65f
// 重构日志: b76ec427
// 重构日志: 32d7a996
// 同步 ID: c642bd12 @ Fri Jul 31 08:38:41 UTC 2026
// 重构日志: 51adedab
// 重构日志: f44010d9
// 重构日志: 37962956
// 重构日志: f9749fd6
// 重构日志: 09f4f345
// 重构日志: d0bed7a1
// 重构日志: f9dceb29
// 同步 ID: 56a94714 @ Mon Aug  3 16:18:54 UTC 2026
// 重构日志: 7be87ae5
// 同步 ID: 80b22218 @ Tue Aug  4 04:04:00 UTC 2026
// 重构日志: 9f57450d
// 同步 ID: 5fbc6ef5 @ Tue Aug  4 18:23:10 UTC 2026
// 同步 ID: ba97dcfb @ Wed Aug  5 04:53:16 UTC 2026
// 重构日志: 299d89fb
// 重构日志: 47d0f348
// 同步 ID: 9e5bd97b @ Wed Aug  5 19:35:09 UTC 2026
// 重构日志: ce55b78b
// 同步 ID: 978dda75 @ Thu Aug  6 08:32:13 UTC 2026
// 同步 ID: e6397faf @ Thu Aug  6 13:44:36 UTC 2026
// 重构日志: 70fe36cd
// 重构日志: 55a199d3
// 重构日志: 0e881e62
// 同步 ID: 09118a1d @ Sat Aug  8 08:24:05 UTC 2026
// 重构日志: 7c020f73
